// Jest Snapshot v1, https://goo.gl/fbAQLP

exports[`MapPropertySnapTest Map should render map on property page component with pins 1`] = `
<div
  style={
    Object {
      "height": 579,
      "marginLeft": "auto",
      "marginRight": "auto",
      "width": 1144,
    }
  }
>
  
</div>
`;
