// Jest Snapshot v1, https://goo.gl/fbAQLP

exports[`OfferListSavedSnapTest OfferListSaved should render offers list on user page 1`] = `
<section
  className="favorites"
>
  <h1
    className="favorites__title"
  >
    Saved listing
  </h1>
  <ul
    className="favorites__list"
  >
    <li
      className="favorites__locations-items"
    >
      <div
        className="favorites__locations locations locations--current"
      >
        <div
          className="locations__item"
        >
          <a
            className="locations__item-link"
            href="#"
          >
            <span>
              Amsterdam
            </span>
          </a>
        </div>
      </div>
      <div
        className="favorites__places"
      >
        <article
          className="favorites__place-card place-card"
          onMouseEnter={[Function]}
        >
          <div
            className="place-card__mark"
          >
            <span>
              Premium
            </span>
          </div>
          <div
            className="favorites__image-wrapper place-card__image-wrapper"
          >
            <a
              href="#"
            >
              <img
                alt="Place image"
                className="place-card__image"
                style={
                  Object {
                    "height": "110px",
                    "width": "150px",
                  }
                }
              />
               :
            </a>
          </div>
          <div
            className="place-card__info"
          >
            <div
              className="place-card__price-wrapper"
            >
              <div
                className="place-card__price"
              >
                <b
                  className="place-card__price-value"
                >
                  €
                  120
                </b>
                <span
                  className="place-card__price-text"
                >
                  / night
                </span>
              </div>
              <button
                className="place-card__bookmark-button button"
                type="button"
              >
                <svg
                  className="place-card__bookmark-icon"
                  height="19"
                  width="18"
                >
                  <use
                    xlinkHref="#icon-bookmark"
                  />
                </svg>
                <span
                  className="visually-hidden"
                >
                  To bookmarks
                </span>
              </button>
            </div>
            <div
              className="place-card__rating rating"
            >
              <div
                className="place-card__stars rating__stars"
              >
                <span
                  style={
                    Object {
                      "width": "80%",
                    }
                  }
                />
                <span
                  className="visually-hidden"
                >
                  Rating
                </span>
              </div>
            </div>
            <h2
              className="place-card__name"
            >
              <a
                href="#"
                onClick={[Function]}
              >
                Beautiful & luxurious apartment at great location
              </a>
            </h2>
            <p
              className="place-card__type"
            >
              Apartment
            </p>
          </div>
        </article>
        <article
          className="favorites__place-card place-card"
          onMouseEnter={[Function]}
        >
          
          <div
            className="favorites__image-wrapper place-card__image-wrapper"
          >
            <a
              href="#"
            >
              <img
                alt="Place image"
                className="place-card__image"
                style={
                  Object {
                    "height": "110px",
                    "width": "150px",
                  }
                }
              />
               :
            </a>
          </div>
          <div
            className="place-card__info"
          >
            <div
              className="place-card__price-wrapper"
            >
              <div
                className="place-card__price"
              >
                <b
                  className="place-card__price-value"
                >
                  €
                  80
                </b>
                <span
                  className="place-card__price-text"
                >
                  / night
                </span>
              </div>
              <button
                className="place-card__bookmark-button place-card__bookmark-button--active button"
                type="button"
              >
                <svg
                  className="place-card__bookmark-icon"
                  height="19"
                  width="18"
                >
                  <use
                    xlinkHref="#icon-bookmark"
                  />
                </svg>
                <span
                  className="visually-hidden"
                >
                  To bookmarks
                </span>
              </button>
            </div>
            <div
              className="place-card__rating rating"
            >
              <div
                className="place-card__stars rating__stars"
              >
                <span
                  style={
                    Object {
                      "width": "80%",
                    }
                  }
                />
                <span
                  className="visually-hidden"
                >
                  Rating
                </span>
              </div>
            </div>
            <h2
              className="place-card__name"
            >
              <a
                href="#"
                onClick={[Function]}
              >
                Wood and stone place
              </a>
            </h2>
            <p
              className="place-card__type"
            >
              Private room
            </p>
          </div>
        </article>
      </div>
    </li>
    <li
      className="favorites__locations-items"
    >
      <div
        className="favorites__locations locations locations--current"
      >
        <div
          className="locations__item"
        >
          <a
            className="locations__item-link"
            href="#"
          >
            <span>
              Paris
            </span>
          </a>
        </div>
      </div>
      <div
        className="favorites__places"
      >
        <article
          className="favorites__place-card place-card"
          onMouseEnter={[Function]}
        >
          
          <div
            className="favorites__image-wrapper place-card__image-wrapper"
          >
            <a
              href="#"
            >
              <img
                alt="Place image"
                className="place-card__image"
                style={
                  Object {
                    "height": "110px",
                    "width": "150px",
                  }
                }
              />
               :
            </a>
          </div>
          <div
            className="place-card__info"
          >
            <div
              className="place-card__price-wrapper"
            >
              <div
                className="place-card__price"
              >
                <b
                  className="place-card__price-value"
                >
                  €
                  132
                </b>
                <span
                  className="place-card__price-text"
                >
                  / night
                </span>
              </div>
              <button
                className="place-card__bookmark-button button"
                type="button"
              >
                <svg
                  className="place-card__bookmark-icon"
                  height="19"
                  width="18"
                >
                  <use
                    xlinkHref="#icon-bookmark"
                  />
                </svg>
                <span
                  className="visually-hidden"
                >
                  To bookmarks
                </span>
              </button>
            </div>
            <div
              className="place-card__rating rating"
            >
              <div
                className="place-card__stars rating__stars"
              >
                <span
                  style={
                    Object {
                      "width": "80%",
                    }
                  }
                />
                <span
                  className="visually-hidden"
                >
                  Rating
                </span>
              </div>
            </div>
            <h2
              className="place-card__name"
            >
              <a
                href="#"
                onClick={[Function]}
              >
                Canal View Prinsengracht
              </a>
            </h2>
            <p
              className="place-card__type"
            >
              House
            </p>
          </div>
        </article>
        <article
          className="favorites__place-card place-card"
          onMouseEnter={[Function]}
        >
          
          <div
            className="favorites__image-wrapper place-card__image-wrapper"
          >
            <a
              href="#"
            >
              <img
                alt="Place image"
                className="place-card__image"
                style={
                  Object {
                    "height": "110px",
                    "width": "150px",
                  }
                }
              />
               :
            </a>
          </div>
          <div
            className="place-card__info"
          >
            <div
              className="place-card__price-wrapper"
            >
              <div
                className="place-card__price"
              >
                <b
                  className="place-card__price-value"
                >
                  €
                  180
                </b>
                <span
                  className="place-card__price-text"
                >
                  / night
                </span>
              </div>
              <button
                className="place-card__bookmark-button button"
                type="button"
              >
                <svg
                  className="place-card__bookmark-icon"
                  height="19"
                  width="18"
                >
                  <use
                    xlinkHref="#icon-bookmark"
                  />
                </svg>
                <span
                  className="visually-hidden"
                >
                  To bookmarks
                </span>
              </button>
            </div>
            <div
              className="place-card__rating rating"
            >
              <div
                className="place-card__stars rating__stars"
              >
                <span
                  style={
                    Object {
                      "width": "80%",
                    }
                  }
                />
                <span
                  className="visually-hidden"
                >
                  Rating
                </span>
              </div>
            </div>
            <h2
              className="place-card__name"
            >
              <a
                href="#"
                onClick={[Function]}
              >
                Nice, cozy, warm big bed apartment
              </a>
            </h2>
            <p
              className="place-card__type"
            >
              Hotel
            </p>
          </div>
        </article>
      </div>
    </li>
  </ul>
</section>
`;
